// Jest Snapshot v1, https://goo.gl/fbAQLP

exports[`Should initialized properly 1`] = `
Array [
  Array [],
  Array [
    "Route Analysis Report",
  ],
  Array [
    "No controller found",
  ],
]
`;
